premier fichier de log